[    1284ms] [WARNING] ⚠️ React Router Future Flag Warning: React Router will begin wrapping state updates in `React.startTransition` in v7. You can use the `v7_startTransition` future flag to opt-in early. For more information, see https://reactrouter.com/v6/upgrading/future#v7_starttransition. @ http://localhost:5173/node_modules/.vite/deps/react-router-dom.js?v=24877440:4435
[    1284ms] [WARNING] ⚠️ React Router Future Flag Warning: Relative route resolution within Splat routes is changing in v7. You can use the `v7_relativeSplatPath` future flag to opt-in early. For more information, see https://reactrouter.com/v6/upgrading/future#v7_relativesplatpath. @ http://localhost:5173/node_modules/.vite/deps/react-router-dom.js?v=24877440:4435
[    1295ms] [ERROR] Failed to load resource: net::ERR_CONNECTION_REFUSED @ http://localhost:5000/socket.io/?EIO=4&transport=polling&t=nagr8gsj:0
[    1304ms] [ERROR] Failed to load resource: net::ERR_CONNECTION_REFUSED @ http://localhost:5000/socket.io/?EIO=4&transport=polling&t=nagrbyk4:0
[    2240ms] [ERROR] Failed to load resource: net::ERR_CONNECTION_REFUSED @ http://localhost:5000/socket.io/?EIO=4&transport=polling&t=nahhlssd:0
[    4757ms] [ERROR] Failed to load resource: net::ERR_CONNECTION_REFUSED @ http://localhost:5000/socket.io/?EIO=4&transport=polling&t=najfiitu:0
[    9759ms] [ERROR] Failed to load resource: net::ERR_CONNECTION_REFUSED @ http://localhost:5000/socket.io/?EIO=4&transport=polling&t=nanag3sy:0
[   14176ms] [ERROR] Failed to load resource: net::ERR_CONNECTION_REFUSED @ http://localhost:5000/socket.io/?EIO=4&transport=polling&t=naqp5u14:0
[   19178ms] [ERROR] Failed to load resource: net::ERR_CONNECTION_REFUSED @ http://localhost:5000/socket.io/?EIO=4&transport=polling&t=nauk3mj9:0
[   24179ms] [ERROR] Failed to load resource: net::ERR_CONNECTION_REFUSED @ http://localhost:5000/socket.io/?EIO=4&transport=polling&t=nayf1r5q:0
[   29181ms] [ERROR] Failed to load resource: net::ERR_CONNECTION_REFUSED @ http://localhost:5000/socket.io/?EIO=4&transport=polling&t=nb29y203:0
[   34182ms] [ERROR] Failed to load resource: net::ERR_CONNECTION_REFUSED @ http://localhost:5000/socket.io/?EIO=4&transport=polling&t=nb64wsag:0
[   39184ms] [ERROR] Failed to load resource: net::ERR_CONNECTION_REFUSED @ http://localhost:5000/socket.io/?EIO=4&transport=polling&t=nb9zt7ks:0
[   44186ms] [ERROR] Failed to load resource: net::ERR_CONNECTION_REFUSED @ http://localhost:5000/socket.io/?EIO=4&transport=polling&t=nbdurv3a:0
[   49187ms] [ERROR] Failed to load resource: net::ERR_CONNECTION_REFUSED @ http://localhost:5000/socket.io/?EIO=4&transport=polling&t=nbhposl4:0
[   54188ms] [ERROR] Failed to load resource: net::ERR_CONNECTION_REFUSED @ http://localhost:5000/socket.io/?EIO=4&transport=polling&t=nblkmw6k:0
[   59190ms] [ERROR] Failed to load resource: net::ERR_CONNECTION_REFUSED @ http://localhost:5000/socket.io/?EIO=4&transport=polling&t=nbpfjkdz:0
[   64191ms] [ERROR] Failed to load resource: net::ERR_CONNECTION_REFUSED @ http://localhost:5000/socket.io/?EIO=4&transport=polling&t=nbtahtig:0
[   69193ms] [ERROR] Failed to load resource: net::ERR_CONNECTION_REFUSED @ http://localhost:5000/socket.io/?EIO=4&transport=polling&t=nbx5e78i:0
[   74195ms] [ERROR] Failed to load resource: net::ERR_CONNECTION_REFUSED @ http://localhost:5000/socket.io/?EIO=4&transport=polling&t=nc10cvp9:0
[   79197ms] [ERROR] Failed to load resource: net::ERR_CONNECTION_REFUSED @ http://localhost:5000/socket.io/?EIO=4&transport=polling&t=nc4vamrh:0
[   84199ms] [ERROR] Failed to load resource: net::ERR_CONNECTION_REFUSED @ http://localhost:5000/socket.io/?EIO=4&transport=polling&t=nc8q7zzg:0
[   89201ms] [ERROR] Failed to load resource: net::ERR_CONNECTION_REFUSED @ http://localhost:5000/socket.io/?EIO=4&transport=polling&t=nccl515u:0
[   94203ms] [ERROR] Failed to load resource: net::ERR_CONNECTION_REFUSED @ http://localhost:5000/socket.io/?EIO=4&transport=polling&t=ncgg43ih:0
[   99204ms] [ERROR] Failed to load resource: net::ERR_CONNECTION_REFUSED @ http://localhost:5000/socket.io/?EIO=4&transport=polling&t=nckb1sxm:0
[  104206ms] [ERROR] Failed to load resource: net::ERR_CONNECTION_REFUSED @ http://localhost:5000/socket.io/?EIO=4&transport=polling&t=nco5zlfp:0
[  109208ms] [ERROR] Failed to load resource: net::ERR_CONNECTION_REFUSED @ http://localhost:5000/socket.io/?EIO=4&transport=polling&t=ncs0xy1j:0
[  114209ms] [ERROR] Failed to load resource: net::ERR_CONNECTION_REFUSED @ http://localhost:5000/socket.io/?EIO=4&transport=polling&t=ncvvv472:0
[  119211ms] [ERROR] Failed to load resource: net::ERR_CONNECTION_REFUSED @ http://localhost:5000/socket.io/?EIO=4&transport=polling&t=nczqsyod:0
[  124213ms] [ERROR] Failed to load resource: net::ERR_CONNECTION_REFUSED @ http://localhost:5000/socket.io/?EIO=4&transport=polling&t=nd3lqkkm:0
[  129214ms] [ERROR] Failed to load resource: net::ERR_CONNECTION_REFUSED @ http://localhost:5000/socket.io/?EIO=4&transport=polling&t=nd7gnz4t:0
[  134215ms] [ERROR] Failed to load resource: net::ERR_CONNECTION_REFUSED @ http://localhost:5000/socket.io/?EIO=4&transport=polling&t=ndbblaaa:0
[  139216ms] [ERROR] Failed to load resource: net::ERR_CONNECTION_REFUSED @ http://localhost:5000/socket.io/?EIO=4&transport=polling&t=ndf6icca:0
[  144218ms] [ERROR] Failed to load resource: net::ERR_CONNECTION_REFUSED @ http://localhost:5000/socket.io/?EIO=4&transport=polling&t=ndj1flwo:0
[  149220ms] [ERROR] Failed to load resource: net::ERR_CONNECTION_REFUSED @ http://localhost:5000/socket.io/?EIO=4&transport=polling&t=ndmwdzgs:0
[  154222ms] [ERROR] Failed to load resource: net::ERR_CONNECTION_REFUSED @ http://localhost:5000/socket.io/?EIO=4&transport=polling&t=ndqrbtyt:0
[  159224ms] [ERROR] Failed to load resource: net::ERR_CONNECTION_REFUSED @ http://localhost:5000/socket.io/?EIO=4&transport=polling&t=ndum9pbk:0
[  164226ms] [ERROR] Failed to load resource: net::ERR_CONNECTION_REFUSED @ http://localhost:5000/socket.io/?EIO=4&transport=polling&t=ndyh7a31:0
[  169227ms] [ERROR] Failed to load resource: net::ERR_CONNECTION_REFUSED @ http://localhost:5000/socket.io/?EIO=4&transport=polling&t=ne2c46nz:0
[  174229ms] [ERROR] Failed to load resource: net::ERR_CONNECTION_REFUSED @ http://localhost:5000/socket.io/?EIO=4&transport=polling&t=ne672hju:0
[  179231ms] [ERROR] Failed to load resource: net::ERR_CONNECTION_REFUSED @ http://localhost:5000/socket.io/?EIO=4&transport=polling&t=nea20oa4:0
[  184232ms] [ERROR] Failed to load resource: net::ERR_CONNECTION_REFUSED @ http://localhost:5000/socket.io/?EIO=4&transport=polling&t=nedwy7wo:0
[  189234ms] [ERROR] Failed to load resource: net::ERR_CONNECTION_REFUSED @ http://localhost:5000/socket.io/?EIO=4&transport=polling&t=nehrvuhr:0
[  194236ms] [ERROR] Failed to load resource: net::ERR_CONNECTION_REFUSED @ http://localhost:5000/socket.io/?EIO=4&transport=polling&t=nelmt5rc:0
[  199237ms] [ERROR] Failed to load resource: net::ERR_CONNECTION_REFUSED @ http://localhost:5000/socket.io/?EIO=4&transport=polling&t=nephq3qh:0
[  204239ms] [ERROR] Failed to load resource: net::ERR_CONNECTION_REFUSED @ http://localhost:5000/socket.io/?EIO=4&transport=polling&t=netcotqw:0
[  209241ms] [ERROR] Failed to load resource: net::ERR_CONNECTION_REFUSED @ http://localhost:5000/socket.io/?EIO=4&transport=polling&t=nex7mepy:0
[  214242ms] [ERROR] Failed to load resource: net::ERR_CONNECTION_REFUSED @ http://localhost:5000/socket.io/?EIO=4&transport=polling&t=nf12jm9c:0
[  219244ms] [ERROR] Failed to load resource: net::ERR_CONNECTION_REFUSED @ http://localhost:5000/socket.io/?EIO=4&transport=polling&t=nf4xh84a:0
[  224245ms] [ERROR] Failed to load resource: net::ERR_CONNECTION_REFUSED @ http://localhost:5000/socket.io/?EIO=4&transport=polling&t=nf8se4le:0
[  229247ms] [ERROR] Failed to load resource: net::ERR_CONNECTION_REFUSED @ http://localhost:5000/socket.io/?EIO=4&transport=polling&t=nfcncb2e:0
[  234248ms] [ERROR] Failed to load resource: net::ERR_CONNECTION_REFUSED @ http://localhost:5000/socket.io/?EIO=4&transport=polling&t=nfgiasim:0
[  239250ms] [ERROR] Failed to load resource: net::ERR_CONNECTION_REFUSED @ http://localhost:5000/socket.io/?EIO=4&transport=polling&t=nfkd77jj:0
[  244251ms] [ERROR] Failed to load resource: net::ERR_CONNECTION_REFUSED @ http://localhost:5000/socket.io/?EIO=4&transport=polling&t=nfo84be2:0
[  249253ms] [ERROR] Failed to load resource: net::ERR_CONNECTION_REFUSED @ http://localhost:5000/socket.io/?EIO=4&transport=polling&t=nfs32f56:0
[  254254ms] [ERROR] Failed to load resource: net::ERR_CONNECTION_REFUSED @ http://localhost:5000/socket.io/?EIO=4&transport=polling&t=nfvxzhar:0
[  259256ms] [ERROR] Failed to load resource: net::ERR_CONNECTION_REFUSED @ http://localhost:5000/socket.io/?EIO=4&transport=polling&t=nfzsxirs:0
[  264258ms] [ERROR] Failed to load resource: net::ERR_CONNECTION_REFUSED @ http://localhost:5000/socket.io/?EIO=4&transport=polling&t=ng3nvg5l:0
[  269259ms] [ERROR] Failed to load resource: net::ERR_CONNECTION_REFUSED @ http://localhost:5000/socket.io/?EIO=4&transport=polling&t=ng7it92s:0
[  274261ms] [ERROR] Failed to load resource: net::ERR_CONNECTION_REFUSED @ http://localhost:5000/socket.io/?EIO=4&transport=polling&t=ngbdquxt:0
